
> tbce@0.1.0 tauri
> tauri build --target x86_64-pc-windows-msvc

        Info Looking up installed tauri packages to check mismatched versions...
        Warn The bundle identifier "com.tbce.app" set in `"tauri.conf.json" identifier` ends with `.app`. This is not recommended because it conflicts with the application bundle extension on macOS.
     Running beforeBuildCommand `npm run build`

> tbce@0.1.0 build
> tsc -b && vite build

[36mvite v7.3.6 [32mbuilding client environment for production...[36m[39m
transforming...
[32m✓[39m 2673 modules transformed.
rendering chunks...
computing gzip size...
[2mdist/[22m[32mindex.html                           [39m[1m[2m    0.44 kB[22m[1m[22m[2m │ gzip:   0.28 kB[22m
[2mdist/[22m[32massets/codicon-DCmgc-ay.ttf          [39m[1m[2m   80.34 kB[22m[1m[22m
[2mdist/[22m[32massets/editor.worker-B4pQIWZD.js     [39m[1m[2m  231.35 kB[22m[1m[22m
[2mdist/[22m[32massets/json.worker-aFakAbRR.js       [39m[1m[2m  362.61 kB[22m[1m[22m
[2mdist/[22m[32massets/html.worker-tnXziJOq.js       [39m[1m[2m  672.62 kB[22m[1m[22m
[2mdist/[22m[32massets/css.worker-DYpkewsP.js        [39m[1m[2m1,009.92 kB[22m[1m[22m
[2mdist/[22m[32massets/ts.worker-Bij5J2kb.js         [39m[1m[2m6,013.48 kB[22m[1m[22m
[2mdist/[22m[35massets/TerminalPanel-DDGTF8rc.css    [39m[1m[2m    3.62 kB[22m[1m[22m[2m │ gzip:   0.99 kB[22m
[2mdist/[22m[35massets/index-C58cqcl2.css            [39m[1m[2m   12.75 kB[22m[1m[22m[2m │ gzip:   3.53 kB[22m
[2mdist/[22m[35massets/Editor-xnhJeWAr.css           [39m[1m[2m  132.99 kB[22m[1m[22m[2m │ gzip:  21.09 kB[22m
[2mdist/[22m[36massets/azcli-1IWB1ccx.js             [39m[1m[2m    0.71 kB[22m[1m[22m[2m │ gzip:   0.28 kB[22m
[2mdist/[22m[36massets/javascript-DeYKie1E.js        [39m[1m[2m    0.83 kB[22m[1m[22m[2m │ gzip:   0.46 kB[22m
[2mdist/[22m[36massets/ini-BvajGCUy.js               [39m[1m[2m    0.96 kB[22m[1m[22m[2m │ gzip:   0.49 kB[22m
[2mdist/[22m[36massets/csp-C46ZqvIl.js               [39m[1m[2m    1.28 kB[22m[1m[22m[2m │ gzip:   0.49 kB[22m
[2mdist/[22m[36massets/pla-CjnFlu4u.js               [39m[1m[2m    1.54 kB[22m[1m[22m[2m │ gzip:   0.60 kB[22m
[2mdist/[22m[36massets/scheme-Dhb-2j9p.js            [39m[1m[2m    1.63 kB[22m[1m[22m[2m │ gzip:   0.78 kB[22m
[2mdist/[22m[36massets/flow9-Cac8vKd7.js             [39m[1m[2m    1.67 kB[22m[1m[22m[2m │ gzip:   0.81 kB[22m
[2mdist/[22m[36massets/sb-BYAiYHFx.js                [39m[1m[2m    1.69 kB[22m[1m[22m[2m │ gzip:   0.78 kB[22m
[2mdist/[22m[36massets/bat-DPkNLes8.js               [39m[1m[2m    1.71 kB[22m[1m[22m[2m │ gzip:   0.83 kB[22m
[2mdist/[22m[36massets/dockerfile-DLk6rpji.js        [39m[1m[2m    1.73 kB[22m[1m[22m[2m │ gzip:   0.63 kB[22m
[2mdist/[22m[36massets/pascaligo-5jv8CcQD.js         [39m[1m[2m    1.86 kB[22m[1m[22m[2m │ gzip:   0.87 kB[22m
[2mdist/[22m[36massets/lua-D28Ae8-K.js               [39m[1m[2m    1.98 kB[22m[1m[22m[2m │ gzip:   0.89 kB[22m
[2mdist/[22m[36massets/cameligo-CGrWLZr3.js          [39m[1m[2m    2.05 kB[22m[1m[22m[2m │ gzip:   0.92 kB[22m
[2mdist/[22m[36massets/graphql-LQdxqEYJ.js           [39m[1m[2m    2.12 kB[22m[1m[22m[2m │ gzip:   0.99 kB[22m
[2mdist/[22m[36massets/objective-c-B1aVtJYH.js       [39m[1m[2m    2.26 kB[22m[1m[22m[2m │ gzip:   1.02 kB[22m
[2mdist/[22m[36massets/lexon-Canl7DCW.js             [39m[1m[2m    2.30 kB[22m[1m[22m[2m │ gzip:   0.88 kB[22m
[2mdist/[22m[36massets/xml-CVeT72k-.js               [39m[1m[2m    2.31 kB[22m[1m[22m[2m │ gzip:   0.95 kB[22m
[2mdist/[22m[36massets/bicep-Corcdgou.js             [39m[1m[2m    2.40 kB[22m[1m[22m[2m │ gzip:   0.93 kB[22m
[2mdist/[22m[36massets/sparql-KEyrF7De.js            [39m[1m[2m    2.41 kB[22m[1m[22m[2m │ gzip:   1.12 kB[22m
[2mdist/[22m[36massets/mips-CdjsipkG.js              [39m[1m[2m    2.44 kB[22m[1m[22m[2m │ gzip:   1.03 kB[22m
[2mdist/[22m[36massets/go-O9LJTZXk.js                [39m[1m[2m    2.52 kB[22m[1m[22m[2m │ gzip:   1.11 kB[22m
[2mdist/[22m[36massets/sophia-RYC1BQQz.js            [39m[1m[2m    2.62 kB[22m[1m[22m[2m │ gzip:   1.17 kB[22m
[2mdist/[22m[36massets/typespec-CzxlYoT_.js          [39m[1m[2m    2.66 kB[22m[1m[22m[2m │ gzip:   1.05 kB[22m
[2mdist/[22m[36massets/m3-DPitgjJI.js                [39m[1m[2m    2.68 kB[22m[1m[22m[2m │ gzip:   1.28 kB[22m
[2mdist/[22m[36massets/fsharp-fd1GTHhf.js            [39m[1m[2m    2.84 kB[22m[1m[22m[2m │ gzip:   1.28 kB[22m
[2mdist/[22m[36massets/pascal-BhNW15KB.js            [39m[1m[2m    2.86 kB[22m[1m[22m[2m │ gzip:   1.35 kB[22m
[2mdist/[22m[36massets/shell-CsDZo4DB.js             [39m[1m[2m    2.93 kB[22m[1m[22m[2m │ gzip:   1.16 kB[22m
[2mdist/[22m[36massets/r-BIFz-_sK.js                 [39m[1m[2m    2.99 kB[22m[1m[22m[2m │ gzip:   1.24 kB[22m
[2mdist/[22m[36massets/qsharp-q7JyzKFN.js            [39m[1m[2m    3.05 kB[22m[1m[22m[2m │ gzip:   1.37 kB[22m
[2mdist/[22m[36massets/java-SYsfObOQ.js              [39m[1m[2m    3.08 kB[22m[1m[22m[2m │ gzip:   1.36 kB[22m
[2mdist/[22m[36massets/powershell-Bu_VLpJB.js        [39m[1m[2m    3.13 kB[22m[1m[22m[2m │ gzip:   1.34 kB[22m
[2mdist/[22m[36massets/cypher-D84EuPTj.js            [39m[1m[2m    3.25 kB[22m[1m[22m[2m │ gzip:   1.40 kB[22m
[2mdist/[22m[36massets/kotlin-qQ0MG-9I.js            [39m[1m[2m    3.30 kB[22m[1m[22m[2m │ gzip:   1.44 kB[22m
[2mdist/[22m[36massets/redis-CHOsPHWR.js             [39m[1m[2m    3.42 kB[22m[1m[22m[2m │ gzip:   1.44 kB[22m
[2mdist/[22m[36massets/tcl-PloMZuKG.js               [39m[1m[2m    3.43 kB[22m[1m[22m[2m │ gzip:   1.33 kB[22m
[2mdist/[22m[36massets/coffee-B7EJu28W.js            [39m[1m[2m    3.45 kB[22m[1m[22m[2m │ gzip:   1.26 kB[22m
[2mdist/[22m[36massets/hcl-DxDQ3s82.js               [39m[1m[2m    3.45 kB[22m[1m[22m[2m │ gzip:   1.45 kB[22m
[2mdist/[22m[36massets/markdown-B811l8j2.js          [39m[1m[2m    3.65 kB[22m[1m[22m[2m │ gzip:   1.35 kB[22m
[2mdist/[22m[36massets/restructuredtext-CghPJEOS.js  [39m[1m[2m    3.75 kB[22m[1m[22m[2m │ gzip:   1.33 kB[22m
[2mdist/[22m[36massets/less-GGFNNJHn.js              [39m[1m[2m    3.76 kB[22m[1m[22m[2m │ gzip:   1.38 kB[22m
[2mdist/[22m[36massets/apex-DnsZk_dE.js              [39m[1m[2m    3.81 kB[22m[1m[22m[2m │ gzip:   1.73 kB[22m
[2mdist/[22m[36massets/liquid-DRSfS5QZ.js            [39m[1m[2m    3.86 kB[22m[1m[22m[2m │ gzip:   1.64 kB[22m
[2mdist/[22m[36massets/yaml-CNrUQ0cC.js              [39m[1m[2m    3.92 kB[22m[1m[22m[2m │ gzip:   1.50 kB[22m
[2mdist/[22m[36massets/rust-DMDD0SHb.js              [39m[1m[2m    4.02 kB[22m[1m[22m[2m │ gzip:   1.79 kB[22m
[2mdist/[22m[36massets/python-Cg1Yw7b-.js            [39m[1m[2m    4.10 kB[22m[1m[22m[2m │ gzip:   1.66 kB[22m
[2mdist/[22m[36massets/dart-D8lhlL1r.js              [39m[1m[2m    4.11 kB[22m[1m[22m[2m │ gzip:   1.61 kB[22m
[2mdist/[22m[36massets/css-DQU6DXDx.js               [39m[1m[2m    4.37 kB[22m[1m[22m[2m │ gzip:   1.34 kB[22m
[2mdist/[22m[36massets/csharp-BoL64M5l.js            [39m[1m[2m    4.38 kB[22m[1m[22m[2m │ gzip:   1.69 kB[22m
[2mdist/[22m[36massets/pug-kFxLfcjb.js               [39m[1m[2m    4.69 kB[22m[1m[22m[2m │ gzip:   1.61 kB[22m
[2mdist/[22m[36massets/mdx-BHrg1Rnp.js               [39m[1m[2m    4.77 kB[22m[1m[22m[2m │ gzip:   1.43 kB[22m
[2mdist/[22m[36massets/msdax-CYqgjx_P.js             [39m[1m[2m    4.77 kB[22m[1m[22m[2m │ gzip:   1.90 kB[22m
[2mdist/[22m[36massets/swift-D7IUmUK8.js             [39m[1m[2m    4.77 kB[22m[1m[22m[2m │ gzip:   2.00 kB[22m
[2mdist/[22m[36massets/html-FxtAA798.js              [39m[1m[2m    4.92 kB[22m[1m[22m[2m │ gzip:   1.38 kB[22m
[2mdist/[22m[36massets/cpp-SEyurbux.js               [39m[1m[2m    5.16 kB[22m[1m[22m[2m │ gzip:   2.05 kB[22m
[2mdist/[22m[36massets/ecl-BO6FnfXk.js               [39m[1m[2m    5.20 kB[22m[1m[22m[2m │ gzip:   2.19 kB[22m
[2mdist/[22m[36massets/typescript-CTi07BkI.js        [39m[1m[2m    5.31 kB[22m[1m[22m[2m │ gzip:   2.15 kB[22m
[2mdist/[22m[36massets/vb-BwAE3J76.js                [39m[1m[2m    5.65 kB[22m[1m[22m[2m │ gzip:   2.02 kB[22m
[2mdist/[22m[36massets/twig-BfRIq3la.js              [39m[1m[2m    5.83 kB[22m[1m[22m[2m │ gzip:   1.48 kB[22m
[2mdist/[22m[36massets/scss-CTwUZ5N7.js              [39m[1m[2m    6.27 kB[22m[1m[22m[2m │ gzip:   1.71 kB[22m
[2mdist/[22m[36massets/handlebars-CbJWNbii.js        [39m[1m[2m    6.68 kB[22m[1m[22m[2m │ gzip:   1.59 kB[22m
[2mdist/[22m[36massets/julia-DQXNmw_w.js             [39m[1m[2m    7.01 kB[22m[1m[22m[2m │ gzip:   2.62 kB[22m
[2mdist/[22m[36massets/scala-Bqvq8jcR.js             [39m[1m[2m    7.18 kB[22m[1m[22m[2m │ gzip:   2.06 kB[22m
[2mdist/[22m[36massets/wgsl-B_1kOXbF.js              [39m[1m[2m    7.21 kB[22m[1m[22m[2m │ gzip:   2.72 kB[22m
[2mdist/[22m[36massets/st-C7iG7M4S.js                [39m[1m[2m    7.26 kB[22m[1m[22m[2m │ gzip:   2.21 kB[22m
[2mdist/[22m[36massets/systemverilog-DgMryOEJ.js     [39m[1m[2m    7.46 kB[22m[1m[22m[2m │ gzip:   2.72 kB[22m
[2mdist/[22m[36massets/postiats-CQpG440k.js          [39m[1m[2m    7.72 kB[22m[1m[22m[2m │ gzip:   2.40 kB[22m
[2mdist/[22m[36massets/php-120yhfDK.js               [39m[1m[2m    7.89 kB[22m[1m[22m[2m │ gzip:   2.04 kB[22m
[2mdist/[22m[36massets/perl-DlYyT36c.js              [39m[1m[2m    8.12 kB[22m[1m[22m[2m │ gzip:   3.10 kB[22m
[2mdist/[22m[36massets/ruby-CYWGW-b1.js              [39m[1m[2m    8.36 kB[22m[1m[22m[2m │ gzip:   2.54 kB[22m
[2mdist/[22m[36massets/razor-BeYWbpHP.js             [39m[1m[2m    8.67 kB[22m[1m[22m[2m │ gzip:   2.28 kB[22m
[2mdist/[22m[36massets/protobuf-IBS6jZEB.js          [39m[1m[2m    8.91 kB[22m[1m[22m[2m │ gzip:   2.04 kB[22m
[2mdist/[22m[36massets/clojure-D9WOWImG.js           [39m[1m[2m    9.50 kB[22m[1m[22m[2m │ gzip:   3.57 kB[22m
[2mdist/[22m[36massets/elixir-BRjLKONM.js            [39m[1m[2m   10.12 kB[22m[1m[22m[2m │ gzip:   2.50 kB[22m
[2mdist/[22m[36massets/sql-BdTr02Mf.js               [39m[1m[2m   10.16 kB[22m[1m[22m[2m │ gzip:   3.79 kB[22m
[2mdist/[22m[36massets/mysql-BHd6q0vd.js             [39m[1m[2m   11.13 kB[22m[1m[22m[2m │ gzip:   4.01 kB[22m
[2mdist/[22m[36massets/redshift-CBifECDb.js          [39m[1m[2m   11.66 kB[22m[1m[22m[2m │ gzip:   4.30 kB[22m
[2mdist/[22m[36massets/pgsql-Dy0bjov7.js             [39m[1m[2m   13.32 kB[22m[1m[22m[2m │ gzip:   4.46 kB[22m
[2mdist/[22m[36massets/abap-CRCWOmpq.js              [39m[1m[2m   14.02 kB[22m[1m[22m[2m │ gzip:   5.27 kB[22m
[2mdist/[22m[36massets/freemarker2-D4Xx7G8K.js       [39m[1m[2m   16.00 kB[22m[1m[22m[2m │ gzip:   4.13 kB[22m
[2mdist/[22m[36massets/powerquery-DdJtto1Z.js        [39m[1m[2m   16.80 kB[22m[1m[22m[2m │ gzip:   4.81 kB[22m
[2mdist/[22m[36massets/solidity-CME5AdoB.js          [39m[1m[2m   18.46 kB[22m[1m[22m[2m │ gzip:   4.41 kB[22m
[2mdist/[22m[36massets/tsMode-CQuopFCg.js            [39m[1m[2m   22.47 kB[22m[1m[22m[2m │ gzip:   6.33 kB[22m
[2mdist/[22m[36massets/cssMode-DPyGmIQZ.js           [39m[1m[2m   32.01 kB[22m[1m[22m[2m │ gzip:   8.62 kB[22m
[2mdist/[22m[36massets/htmlMode-DQyQto8p.js          [39m[1m[2m   32.56 kB[22m[1m[22m[2m │ gzip:   8.74 kB[22m
[2mdist/[22m[36massets/jsonMode-BYpC91Wi.js          [39m[1m[2m   41.42 kB[22m[1m[22m[2m │ gzip:  11.96 kB[22m
[2mdist/[22m[36massets/index-B_CjAY-3.js             [39m[1m[2m  297.58 kB[22m[1m[22m[2m │ gzip:  90.74 kB[22m
[2mdist/[22m[36massets/TerminalPanel-CvxjV-5p.js     [39m[1m[2m  332.93 kB[22m[1m[22m[2m │ gzip:  84.34 kB[22m
[2mdist/[22m[36massets/Editor-Ccqg7G1R.js            [39m[1m[33m3,305.28 kB[39m[22m[2m │ gzip: 849.50 kB[22m
[33m
(!) Some chunks are larger than 500 kB after minification. Consider:
- Using dynamic import() to code-split the application
- Use build.rollupOptions.output.manualChunks to improve chunking: https://rollupjs.org/configuration-options/#output-manualchunks
- Adjust chunk size limit for this warning via build.chunkSizeWarningLimit.[39m
[32m✓ built in 25.66s[39m
   Compiling tbce v0.1.0 (C:\Users\mysf5\Masaüstü\TBCE\src-tauri)
    Finished `release` profile [optimized] target(s) in 1m 15s
       Built application at: C:\Users\mysf5\Masaüstü\TBCE\src-tauri\target\x86_64-pc-windows-msvc\release\tbce.exe
        Info Patching C:\Users\mysf5\Masaüstü\TBCE\src-tauri\target\x86_64-pc-windows-msvc\release\tbce.exe with bundle type information: nsis
        Info Target: x64
     Running makensis to produce C:\Users\mysf5\Masaüstü\TBCE\src-tauri\target\x86_64-pc-windows-msvc\release\bundle\nsis\TBCE_0.1.0_x64-setup.exe
    Finished 1 bundle at:
        C:\Users\mysf5\Masaüstü\TBCE\src-tauri\target\x86_64-pc-windows-msvc\release\bundle\nsis\TBCE_0.1.0_x64-setup.exe

exit=0
