Milestone 7 - source control panel: automated checks
Date: 2026-09-16T20:53:10Z
Environment: Node v24.15.0, npm 11.12.1, cargo 1.96.0 (30a34c682 2026-05-25), git version 2.54.0.windows.1
No Rust source was changed in this milestone, so the Rust checks are a regression guard.

$ npm.cmd run format:check

> tbce@0.1.0 format:check
> prettier --check .

Checking formatting...
All matched files use Prettier code style!
[exit 0]

$ npm.cmd run lint

> tbce@0.1.0 lint
> eslint .

[exit 0]

$ npx tsc -b
[exit 0] (no output means success)

$ npm.cmd test

> tbce@0.1.0 test
> vitest run


 RUN  v4.1.11 C:/Users/mysf5/Masaüstü/TBCE


 Test Files  11 passed (11)
      Tests  111 passed (111)
   Start at  23:53:20
   Duration  2.52s (transform 1.65s, setup 3.18s, import 2.27s, tests 4.27s, environment 6.16s)

[exit 0]

$ cargo fmt --manifest-path src-tauri/Cargo.toml --check
$ cargo clippy --manifest-path src-tauri/Cargo.toml --all-targets -- -D warnings
$ cargo test --manifest-path src-tauri/Cargo.toml --locked
(run together against unchanged Rust sources; raw tail below)
FMT OK
    Finished `dev` profile [unoptimized + debuginfo] target(s) in 19.44s
test git::tests::status_reports_a_detached_head ... ok
test git::tests::status_reports_conflicts ... ok
test git::tests::pulling_is_refused_without_an_upstream_or_with_local_changes ... ok
test git::tests::push_and_pull_move_commits_between_two_clones ... ok
test git::tests::divergence_is_reported_and_never_forced ... ok

test result: ok. 81 passed; 0 failed; 0 ignored; 0 measured; 0 filtered out; finished in 3.77s

     Running unittests src\main.rs (src-tauri\target\debug\deps\tbce-e3309e99f1b0a22e.exe)

running 0 tests

test result: ok. 0 passed; 0 failed; 0 ignored; 0 measured; 0 filtered out; finished in 0.00s

   Doc-tests tbce_lib

running 0 tests

test result: ok. 0 passed; 0 failed; 0 ignored; 0 measured; 0 filtered out; finished in 0.00s


[exited with code 0]

$ npm run tauri build -- --target x86_64-pc-windows-msvc   (clean dist)
    Finished `release` profile [optimized] target(s) in 44.18s
       Built application at: C:\Users\mysf5\Masaüstü\TBCE\src-tauri\target\x86_64-pc-windows-msvc\release\tbce.exe
        Info Patching C:\Users\mysf5\Masaüstü\TBCE\src-tauri\target\x86_64-pc-windows-msvc\release\tbce.exe with bundle type information: nsis
        Info Target: x64
     Running makensis to produce C:\Users\mysf5\Masaüstü\TBCE\src-tauri\target\x86_64-pc-windows-msvc\release\bundle\nsis\TBCE_0.1.0_x64-setup.exe
    Finished 1 bundle at:
        C:\Users\mysf5\Masaüstü\TBCE\src-tauri\target\x86_64-pc-windows-msvc\release\bundle\nsis\TBCE_0.1.0_x64-setup.exe


[exited with code 0]

Installer SHA-256: 50E57BE3C2BE06DE7D99185C1A7E4588CDFBE26B81618B7C7E489A2C9A539C93
The installer was NOT installed or exercised in this session.
