
> tbce@0.1.0 build
> tsc -b && vite build

npm.cmd : X [ERROR] Cannot read directory "../..": Access is denied.
At line:5 char:3
+   & npm.cmd run $taskCheck *> $taskLog
+   ~~~~~~~~~~~~~~~~~~~~~~~~~~~~~~~~~~~~
    + CategoryInfo          : NotSpecified: (X [ERROR] Canno...cess is denied.:String) [], RemoteException
    + FullyQualifiedErrorId : NativeCommandError
 

X [ERROR] Could not resolve "C:\\Users\\mysf5\\Masaüstü\\TBCE\\vite.config.ts"

failed to load config from C:\Users\mysf5\Masaüstü\TBCE\vite.config.ts
error during build:
Error: Build failed with 2 errors:
error: Cannot read directory "../..": Access is denied.
error: Could not resolve "C:\\Users\\mysf5\\Masaüstü\\TBCE\\vite.config.ts"
    at failureErrorWithLog (C:\Users\mysf5\Masaüstü\TBCE\node_modules\esbuild\lib\main.js:1752:15)
    at C:\Users\mysf5\Masaüstü\TBCE\node_modules\esbuild\lib\main.js:1211:25
    at runOnEndCallbacks (C:\Users\mysf5\Masaüstü\TBCE\node_modules\esbuild\lib\main.js:1592:45)
    at buildResponseToResult (C:\Users\mysf5\Masaüstü\TBCE\node_modules\esbuild\lib\main.js:1209:7)
    at C:\Users\mysf5\Masaüstü\TBCE\node_modules\esbuild\lib\main.js:1236:16
    at responseCallbacks.<computed> (C:\Users\mysf5\Masaüstü\TBCE\node_modules\esbuild\lib\main.js:886:9)
    at handleIncomingPacket (C:\Users\mysf5\Masaüstü\TBCE\node_modules\esbuild\lib\main.js:941:12)
    at Socket.readFromStdout (C:\Users\mysf5\Masaüstü\TBCE\node_modules\esbuild\lib\main.js:864:7)
    at Socket.emit (node:events:509:28)
    at addChunk (node:internal/streams/readable:563:12)
